pattern peak_time bars=4 seed=1 winner=8196980753821780235 score=98
  key root=4 scale=minor_pentatonic kick=4otf
  chords i@0+8
  phrases 0+4:main
  voice bass archetype=rolling16 notes=36 velocitySum=3600
  voice melody archetype=hypnotic_motif notes=16 velocitySum=1600
  hash 1b5cfc0d610f41c1
variation seed=1 strength=10 changed=5
pattern peak_time bars=4 seed=1 winner=8196980753821780235 score=98
  key root=4 scale=minor_pentatonic kick=4otf
  chords i@0+8
  phrases 0+4:main
  voice bass archetype=rolling16 notes=36 velocitySum=3593
  voice melody archetype=hypnotic_motif notes=16 velocitySum=1606
  hash 8e6efcf9f7150e06
variation seed=1 strength=50 changed=10
pattern peak_time bars=4 seed=1 winner=8196980753821780235 score=98
  key root=4 scale=minor_pentatonic kick=4otf
  chords i@0+8
  phrases 0+4:main
  voice bass archetype=rolling16 notes=36 velocitySum=3600
  voice melody archetype=hypnotic_motif notes=16 velocitySum=1616
  hash 630eb970a19665f3
variation seed=1 strength=100 changed=24
pattern peak_time bars=4 seed=1 winner=8196980753821780235 score=82
  key root=4 scale=minor_pentatonic kick=4otf
  chords i@0+8
  phrases 0+4:main
  voice bass archetype=rolling16 notes=36 velocitySum=3609
  voice melody archetype=hypnotic_motif notes=16 velocitySum=1645
  hash 6e43a09d90ad7846
variation seed=2 strength=10 changed=3
pattern peak_time bars=4 seed=1 winner=8196980753821780235 score=98
  key root=4 scale=minor_pentatonic kick=4otf
  chords i@0+8
  phrases 0+4:main
  voice bass archetype=rolling16 notes=36 velocitySum=3606
  voice melody archetype=hypnotic_motif notes=16 velocitySum=1600
  hash d79d627d1cd6def4
variation seed=2 strength=50 changed=11
pattern peak_time bars=4 seed=1 winner=8196980753821780235 score=94
  key root=4 scale=minor_pentatonic kick=4otf
  chords i@0+8
  phrases 0+4:main
  voice bass archetype=rolling16 notes=36 velocitySum=3590
  voice melody archetype=hypnotic_motif notes=16 velocitySum=1600
  hash 93c62bcc789d915f
variation seed=2 strength=100 changed=28
pattern peak_time bars=4 seed=1 winner=8196980753821780235 score=82
  key root=4 scale=minor_pentatonic kick=4otf
  chords i@0+8
  phrases 0+4:main
  voice bass archetype=rolling16 notes=34 velocitySum=3430
  voice melody archetype=hypnotic_motif notes=16 velocitySum=1650
  hash 79f69eb5df3f79f3
